
> react-typescript-starter@0.1.0 test
> react-scripts test --coverage

Browserslist: caniuse-lite is outdated. Please run:
  npx browserslist@latest --update-db
  Why you should do it regularly: https://github.com/browserslist/browserslist#browsers-data-updating
PASS src/arrays.test.ts
  ● Console

    console.log
      [ 1, 9, -5, 10, 7 ]

      at Object.<anonymous> (src/arrays.ts:138:9)

    console.log
      [ 1, 9, 7, 17 ]

      at Object.<anonymous> (src/arrays.ts:139:9)

PASS src/objects.test.ts
PASS src/HtmlCss.test.tsx
PASS src/functions.test.ts
PASS src/text.test.tsx
PASS src/App.test.tsx
----------------|---------|----------|---------|---------|-------------------
File            | % Stmts | % Branch | % Funcs | % Lines | Uncovered Line #s 
----------------|---------|----------|---------|---------|-------------------
All files       |   98.01 |    96.87 |     100 |   97.93 |                   
 src            |   98.01 |    96.87 |     100 |   97.93 |                   
  App.tsx       |     100 |      100 |     100 |     100 |                   
  arrays.ts     |   98.03 |      100 |     100 |   97.87 | 16                
  functions.ts  |     100 |      100 |     100 |     100 |                   
  objects.ts    |   96.42 |     87.5 |     100 |   96.42 | 152               
 src/interfaces |       0 |        0 |       0 |       0 |                   
  question.ts   |       0 |        0 |       0 |       0 |                   
----------------|---------|----------|---------|---------|-------------------

Test Suites: 6 passed, 6 total
Tests:       33 passed, 33 total
Snapshots:   0 total
Time:        4.273 s
Ran all test suites.
